warning: unused imports: `DateTime` and `Utc`
 --> gridtokenx-oracle-bridge/src/aggregator/mod.rs:2:14
  |
2 | use chrono::{DateTime, Utc};
  |              ^^^^^^^^  ^^^
  |
  = note: `#[warn(unused_imports)]` (part of `#[warn(unused)]`) on by default

warning: use of deprecated module `solana_sdk::system_program`: Use `solana_system_interface::program` instead
 --> gridtokenx-oracle-bridge/src/blockchain/mod.rs:7:17
  |
7 | use solana_sdk::system_program;
  |                 ^^^^^^^^^^^^^^
  |
  = note: `#[warn(deprecated)]` on by default

warning: method `get_zone_summary` is never used
  --> gridtokenx-oracle-bridge/src/aggregator/mod.rs:40:12
   |
15 | impl Aggregator {
   | --------------- method in this implementation
...
40 |     pub fn get_zone_summary(&self, zone_id: i32) -> Option<(D...
   |            ^^^^^^^^^^^^^^^^
   |
   = note: `#[warn(dead_code)]` (part of `#[warn(unused)]`) on by default

warning: methods `protocol_name` and `device_types` are never used
  --> gridtokenx-oracle-bridge/src/protocol/mod.rs:21:8
   |
19 | pub trait DeviceProtocol: Send + Sync {
   |           -------------- methods in this trait
20 |     /// Human-readable protocol name (e.g.,...
21 |     fn protocol_name(&self) -> &str;
   |        ^^^^^^^^^^^^^
...
24 |     fn device_types(&self) -> Vec<DeviceType>;
   |        ^^^^^^^^^^^^

warning: `gridtokenx-oracle-bridge` (bin "gridtokenx-oracle-bridge") generated 4 warnings (run `cargo fix --bin "gridtokenx-oracle-bridge" -p gridtokenx-oracle-bridge` to apply 1 suggestion)
    Finished `dev` profile [unoptimized + debuginfo] target(s) in 0.94s
     Running `/Users/chanthawat/Developments/gridtokenx-platform-infa/target/debug/gridtokenx-oracle-bridge`
[2m2026-03-25T05:49:09.815828Z[0m [32m INFO[0m [2mgridtokenx_oracle_bridge[0m[2m:[0m 🚀 Starting GridTokenX Oracle Bridge + IoT Gateway
[2m2026-03-25T05:49:09.815934Z[0m [32m INFO[0m [2mgridtokenx_oracle_bridge[0m[2m:[0m 🔗 Redis: redis://127.0.0.1:6379
[2m2026-03-25T05:49:09.815948Z[0m [32m INFO[0m [2mgridtokenx_oracle_bridge[0m[2m:[0m 🔗 Solana RPC: http://127.0.0.1:8899
[2m2026-03-25T05:49:09.815952Z[0m [32m INFO[0m [2mgridtokenx_oracle_bridge[0m[2m:[0m 🌐 IoT Gateway port: 4010
[2m2026-03-25T05:49:09.817212Z[0m [32m INFO[0m [2mgridtokenx_oracle_bridge::blockchain[0m[2m:[0m 🔑 Authority Loaded: 7rdNNcszvgNcYqQezZicnFHZ9kxyPcSpFCnRNB52meHK
[2m2026-03-25T05:49:09.817219Z[0m [32m INFO[0m [2mgridtokenx_oracle_bridge::blockchain[0m[2m:[0m 🔗 Oracle Program: YEyAcHFbsV6e4E3G3H1ZBoQJ7YiMVaZf3vrdcVxjkAT
[2m2026-03-25T05:49:09.821765Z[0m [32m INFO[0m [2mgridtokenx_oracle_bridge::router[0m[2m:[0m 📏 Redis stream MAXLEN cap: ~100000
[2m2026-03-25T05:49:09.822026Z[0m [32m INFO[0m [2mgridtokenx_oracle_bridge[0m[2m:[0m ✅ Oracle Bridge + IoT Gateway initialized
[2m2026-03-25T05:49:09.822033Z[0m [32m INFO[0m [2mgridtokenx_oracle_bridge[0m[2m:[0m    📡 IoT Gateway accepting connections on 0.0.0.0:4010
[2m2026-03-25T05:49:09.822039Z[0m [32m INFO[0m [2mgridtokenx_oracle_bridge[0m[2m:[0m    👂 Oracle Bridge listening on Redis stream
[2m2026-03-25T05:49:09.822922Z[0m [32m INFO[0m [2mgridtokenx_oracle_bridge::ingester[0m[2m:[0m 👂 Listening to streams: ["gridtokenx:events:v1", "gridtokenx:ev:v1", "gridtokenx:battery:v1"] (group: oracle_bridge_group)
[2m2026-03-25T05:49:18.552219Z[0m [32m INFO[0m [2mgridtokenx_oracle_bridge::handlers[0m[2m:[0m 📡 Smart meter reading from: MTR-TEST-001
[2m2026-03-25T05:49:18.553610Z[0m [32m INFO[0m [2mgridtokenx_oracle_bridge::router[0m[2m:[0m 📤 Disseminated SmartMeter MTR-TEST-001 → gridtokenx:events:v1 (ID: 1774417758551-0)
[2m2026-03-25T05:49:18.553717Z[0m [32m INFO[0m [2mgridtokenx_oracle_bridge::ingester[0m[2m:[0m 🌐 Received SmartMeter reading: MTR-TEST-001 (MTR-TEST-001)
[2m2026-03-25T05:49:33.120294Z[0m [32m INFO[0m [2mgridtokenx_oracle_bridge::ingester[0m[2m:[0m ⛓️ On-Chain Update Success: [SmartMeter] MTR-TEST-001 - TX: 3kNRaTUjWuMKrVS1J9rTYRxJhTp5vuxqd881PY21T5wJu5JWS3kgij7xEjbfYo5zQYTBNfzy84PBcsVUzy3N5Q5u
[2m2026-03-25T05:49:33.121202Z[0m [32m INFO[0m [2mgridtokenx_oracle_bridge::handlers[0m[2m:[0m 🔌 EV charger reading from: EV-TEST-101
[2m2026-03-25T05:49:33.122729Z[0m [32m INFO[0m [2mgridtokenx_oracle_bridge::router[0m[2m:[0m 📤 Disseminated EvCharger EV-TEST-101 → gridtokenx:ev:v1 (ID: 1774417773121-0)
[2m2026-03-25T05:49:33.123628Z[0m [32m INFO[0m [2mgridtokenx_oracle_bridge::ingester[0m[2m:[0m 🌐 Received EvCharger reading: EV-TEST-101 (EV-TEST-101)
[2m2026-03-25T05:49:48.187754Z[0m [32m INFO[0m [2mgridtokenx_oracle_bridge::ingester[0m[2m:[0m ⛓️ On-Chain Update Success: [EvCharger] EV-TEST-101 - TX: wegqqsmza3X7UtW5D49rB8UzLTaXFBZPniWo1vWCuKVntrVWnQevKw6rJdgh7L1rTpyDBSkHJHH5VG5u5bbN4qJ
[2m2026-03-25T05:49:48.188714Z[0m [32m INFO[0m [2mgridtokenx_oracle_bridge::handlers[0m[2m:[0m 🔋 Battery reading from: BAT-TEST-501
[2m2026-03-25T05:49:48.189648Z[0m [32m INFO[0m [2mgridtokenx_oracle_bridge::router[0m[2m:[0m 📤 Disseminated Battery BAT-TEST-501 → gridtokenx:battery:v1 (ID: 1774417788193-0)
[2m2026-03-25T05:49:48.190527Z[0m [32m INFO[0m [2mgridtokenx_oracle_bridge::ingester[0m[2m:[0m 🌐 Received Battery reading: BAT-TEST-501 (BAT-TEST-501)
[2m2026-03-25T05:50:02.739104Z[0m [32m INFO[0m [2mgridtokenx_oracle_bridge::ingester[0m[2m:[0m ⛓️ On-Chain Update Success: [Battery] BAT-TEST-501 - TX: 23a7d2GXxEHHatF7UGdkBAHCgLX1HTKoCEzTELWhc8qo4RdkTNV2AEhA7CemhRqdm4W3CwmDVJAYXxXGqMdxaX4F
[2m2026-03-25T06:05:15.468043Z[0m [32m INFO[0m [2mgridtokenx_oracle_bridge::handlers[0m[2m:[0m 🔋 Battery reading from: LOAD-TEST-0004
[2m2026-03-25T06:05:15.467698Z[0m [32m INFO[0m [2mgridtokenx_oracle_bridge::handlers[0m[2m:[0m 📡 Smart meter reading from: LOAD-TEST-0003
[2m2026-03-25T06:05:15.467996Z[0m [32m INFO[0m [2mgridtokenx_oracle_bridge::handlers[0m[2m:[0m 🔌 EV charger reading from: LOAD-TEST-0001
[2m2026-03-25T06:05:15.467697Z[0m [32m INFO[0m [2mgridtokenx_oracle_bridge::handlers[0m[2m:[0m 🔋 Battery reading from: LOAD-TEST-0005
[2m2026-03-25T06:05:15.468019Z[0m [32m INFO[0m [2mgridtokenx_oracle_bridge::handlers[0m[2m:[0m 🔋 Battery reading from: LOAD-TEST-0002
[2m2026-03-25T06:05:15.471830Z[0m [32m INFO[0m [2mgridtokenx_oracle_bridge::router[0m[2m:[0m 📤 Disseminated EvCharger LOAD-TEST-0001 → gridtokenx:ev:v1 (ID: 1774418715472-0)
[2m2026-03-25T06:05:15.471960Z[0m [32m INFO[0m [2mgridtokenx_oracle_bridge::router[0m[2m:[0m 📤 Disseminated Battery LOAD-TEST-0005 → gridtokenx:battery:v1 (ID: 1774418715472-0)
[2m2026-03-25T06:05:15.472044Z[0m [32m INFO[0m [2mgridtokenx_oracle_bridge::router[0m[2m:[0m 📤 Disseminated SmartMeter LOAD-TEST-0003 → gridtokenx:events:v1 (ID: 1774418715472-0)
[2m2026-03-25T06:05:15.472087Z[0m [32m INFO[0m [2mgridtokenx_oracle_bridge::router[0m[2m:[0m 📤 Disseminated Battery LOAD-TEST-0002 → gridtokenx:battery:v1 (ID: 1774418715472-1)
[2m2026-03-25T06:05:15.472170Z[0m [32m INFO[0m [2mgridtokenx_oracle_bridge::router[0m[2m:[0m 📤 Disseminated Battery LOAD-TEST-0004 → gridtokenx:battery:v1 (ID: 1774418715471-0)
[2m2026-03-25T06:05:15.473350Z[0m [32m INFO[0m [2mgridtokenx_oracle_bridge::ingester[0m[2m:[0m 🌐 Received Battery reading: LOAD-TEST-0004 (LOAD-TEST-0004)
[2m2026-03-25T06:05:15.473907Z[0m [32m INFO[0m [2mgridtokenx_oracle_bridge::handlers[0m[2m:[0m 📡 Smart meter reading from: LOAD-TEST-0007
[2m2026-03-25T06:05:15.475434Z[0m [32m INFO[0m [2mgridtokenx_oracle_bridge::router[0m[2m:[0m 📤 Disseminated SmartMeter LOAD-TEST-0007 → gridtokenx:events:v1 (ID: 1774418715475-0)
[2m2026-03-25T06:05:30.551323Z[0m [32m INFO[0m [2mgridtokenx_oracle_bridge::ingester[0m[2m:[0m ⛓️ On-Chain Update Success: [Battery] LOAD-TEST-0004 - TX: UDYdSozk3P5jVuNXfBfk5WGATEYEHq51GSxVsPS5ipSqEQ6i5Toh6D67EFq791ucv2p4NJMmeD8wte3jhWATLRk
[2m2026-03-25T06:05:30.552208Z[0m [32m INFO[0m [2mgridtokenx_oracle_bridge::handlers[0m[2m:[0m 🔋 Battery reading from: LOAD-TEST-0009
[2m2026-03-25T06:05:30.552208Z[0m [32m INFO[0m [2mgridtokenx_oracle_bridge::handlers[0m[2m:[0m 🔋 Battery reading from: LOAD-TEST-0010
[2m2026-03-25T06:05:30.552335Z[0m [32m INFO[0m [2mgridtokenx_oracle_bridge::handlers[0m[2m:[0m 📡 Smart meter reading from: LOAD-TEST-0013
[2m2026-03-25T06:05:30.552365Z[0m [32m INFO[0m [2mgridtokenx_oracle_bridge::handlers[0m[2m:[0m 🔌 EV charger reading from: LOAD-TEST-0016
[2m2026-03-25T06:05:30.552409Z[0m [32m INFO[0m [2mgridtokenx_oracle_bridge::handlers[0m[2m:[0m 🔋 Battery reading from: LOAD-TEST-0014
[2m2026-03-25T06:05:30.552445Z[0m [32m INFO[0m [2mgridtokenx_oracle_bridge::handlers[0m[2m:[0m 📡 Smart meter reading from: LOAD-TEST-0037
[2m2026-03-25T06:05:30.552481Z[0m [32m INFO[0m [2mgridtokenx_oracle_bridge::handlers[0m[2m:[0m 📡 Smart meter reading from: LOAD-TEST-0028
[2m2026-03-25T06:05:30.552456Z[0m [32m INFO[0m [2mgridtokenx_oracle_bridge::handlers[0m[2m:[0m 🔌 EV charger reading from: LOAD-TEST-0015
[2m2026-03-25T06:05:30.552277Z[0m [32m INFO[0m [2mgridtokenx_oracle_bridge::handlers[0m[2m:[0m 📡 Smart meter reading from: LOAD-TEST-0018
[2m2026-03-25T06:05:30.552629Z[0m [32m INFO[0m [2mgridtokenx_oracle_bridge::handlers[0m[2m:[0m 🔌 EV charger reading from: LOAD-TEST-0021
[2m2026-03-25T06:05:30.552644Z[0m [32m INFO[0m [2mgridtokenx_oracle_bridge::handlers[0m[2m:[0m 🔋 Battery reading from: LOAD-TEST-0027
[2m2026-03-25T06:05:30.552664Z[0m [32m INFO[0m [2mgridtokenx_oracle_bridge::handlers[0m[2m:[0m 🔌 EV charger reading from: LOAD-TEST-0032
[2m2026-03-25T06:05:30.552727Z[0m [32m INFO[0m [2mgridtokenx_oracle_bridge::handlers[0m[2m:[0m 🔌 EV charger reading from: LOAD-TEST-0026
[2m2026-03-25T06:05:30.552747Z[0m [32m INFO[0m [2mgridtokenx_oracle_bridge::handlers[0m[2m:[0m 🔋 Battery reading from: LOAD-TEST-0024
[2m2026-03-25T06:05:30.552776Z[0m [32m INFO[0m [2mgridtokenx_oracle_bridge::handlers[0m[2m:[0m 📡 Smart meter reading from: LOAD-TEST-0029
[2m2026-03-25T06:05:30.552784Z[0m [32m INFO[0m [2mgridtokenx_oracle_bridge::handlers[0m[2m:[0m 🔌 EV charger reading from: LOAD-TEST-0036
[2m2026-03-25T06:05:30.552812Z[0m [32m INFO[0m [2mgridtokenx_oracle_bridge::handlers[0m[2m:[0m 📡 Smart meter reading from: LOAD-TEST-0033
[2m2026-03-25T06:05:30.552833Z[0m [32m INFO[0m [2mgridtokenx_oracle_bridge::handlers[0m[2m:[0m 🔌 EV charger reading from: LOAD-TEST-0038
[2m2026-03-25T06:05:30.552873Z[0m [32m INFO[0m [2mgridtokenx_oracle_bridge::handlers[0m[2m:[0m 🔌 EV charger reading from: LOAD-TEST-0043
[2m2026-03-25T06:05:30.552889Z[0m [32m INFO[0m [2mgridtokenx_oracle_bridge::handlers[0m[2m:[0m 📡 Smart meter reading from: LOAD-TEST-0045
[2m2026-03-25T06:05:30.552507Z[0m [32m INFO[0m [2mgridtokenx_oracle_bridge::handlers[0m[2m:[0m 📡 Smart meter reading from: LOAD-TEST-0030
[2m2026-03-25T06:05:30.552936Z[0m [32m INFO[0m [2mgridtokenx_oracle_bridge::handlers[0m[2m:[0m 🔋 Battery reading from: LOAD-TEST-0040
[2m2026-03-25T06:05:30.552536Z[0m [32m INFO[0m [2mgridtokenx_oracle_bridge::handlers[0m[2m:[0m 🔌 EV charger reading from: LOAD-TEST-0020
[2m2026-03-25T06:05:30.553024Z[0m [32m INFO[0m [2mgridtokenx_oracle_bridge::handlers[0m[2m:[0m 🔌 EV charger reading from: LOAD-TEST-0041
[2m2026-03-25T06:05:30.553034Z[0m [32m INFO[0m [2mgridtokenx_oracle_bridge::handlers[0m[2m:[0m 📡 Smart meter reading from: LOAD-TEST-0046
[2m2026-03-25T06:05:30.553046Z[0m [32m INFO[0m [2mgridtokenx_oracle_bridge::handlers[0m[2m:[0m 🔌 EV charger reading from: LOAD-TEST-0052
[2m2026-03-25T06:05:30.552569Z[0m [32m INFO[0m [2mgridtokenx_oracle_bridge::handlers[0m[2m:[0m 📡 Smart meter reading from: LOAD-TEST-0023
[2m2026-03-25T06:05:30.553114Z[0m [32m INFO[0m [2mgridtokenx_oracle_bridge::handlers[0m[2m:[0m 📡 Smart meter reading from: LOAD-TEST-0048
[2m2026-03-25T06:05:30.553137Z[0m [32m INFO[0m [2mgridtokenx_oracle_bridge::handlers[0m[2m:[0m 🔌 EV charger reading from: LOAD-TEST-0055
[2m2026-03-25T06:05:30.553310Z[0m [32m INFO[0m [2mgridtokenx_oracle_bridge::handlers[0m[2m:[0m 📡 Smart meter reading from: LOAD-TEST-0050
[2m2026-03-25T06:05:30.552943Z[0m [32m INFO[0m [2mgridtokenx_oracle_bridge::handlers[0m[2m:[0m 📡 Smart meter reading from: LOAD-TEST-0044
[2m2026-03-25T06:05:30.553155Z[0m [32m INFO[0m [2mgridtokenx_oracle_bridge::handlers[0m[2m:[0m 📡 Smart meter reading from: LOAD-TEST-0053
[2m2026-03-25T06:05:30.554628Z[0m [32m INFO[0m [2mgridtokenx_oracle_bridge::router[0m[2m:[0m 📤 Disseminated Battery LOAD-TEST-0014 → gridtokenx:battery:v1 (ID: 1774418730555-2)
[2m2026-03-25T06:05:30.554670Z[0m [32m INFO[0m [2mgridtokenx_oracle_bridge::router[0m[2m:[0m 📤 Disseminated Battery LOAD-TEST-0009 → gridtokenx:battery:v1 (ID: 1774418730555-0)
[2m2026-03-25T06:05:30.554702Z[0m [32m INFO[0m [2mgridtokenx_oracle_bridge::router[0m[2m:[0m 📤 Disseminated EvCharger LOAD-TEST-0016 → gridtokenx:ev:v1 (ID: 1774418730555-0)
[2m2026-03-25T06:05:30.554736Z[0m [32m INFO[0m [2mgridtokenx_oracle_bridge::router[0m[2m:[0m 📤 Disseminated Battery LOAD-TEST-0010 → gridtokenx:battery:v1 (ID: 1774418730555-1)
[2m2026-03-25T06:05:30.554768Z[0m [32m INFO[0m [2mgridtokenx_oracle_bridge::router[0m[2m:[0m 📤 Disseminated SmartMeter LOAD-TEST-0028 → gridtokenx:events:v1 (ID: 1774418730555-2)
[2m2026-03-25T06:05:30.554798Z[0m [32m INFO[0m [2mgridtokenx_oracle_bridge::router[0m[2m:[0m 📤 Disseminated SmartMeter LOAD-TEST-0037 → gridtokenx:events:v1 (ID: 1774418730555-1)
[2m2026-03-25T06:05:30.554825Z[0m [32m INFO[0m [2mgridtokenx_oracle_bridge::router[0m[2m:[0m 📤 Disseminated EvCharger LOAD-TEST-0015 → gridtokenx:ev:v1 (ID: 1774418730555-1)
[2m2026-03-25T06:05:30.554854Z[0m [32m INFO[0m [2mgridtokenx_oracle_bridge::router[0m[2m:[0m 📤 Disseminated SmartMeter LOAD-TEST-0018 → gridtokenx:events:v1 (ID: 1774418730555-3)
[2m2026-03-25T06:05:30.554814Z[0m [32m INFO[0m [2mgridtokenx_oracle_bridge::router[0m[2m:[0m 📤 Disseminated SmartMeter LOAD-TEST-0013 → gridtokenx:events:v1 (ID: 1774418730555-0)
[2m2026-03-25T06:05:30.554914Z[0m [32m INFO[0m [2mgridtokenx_oracle_bridge::router[0m[2m:[0m 📤 Disseminated SmartMeter LOAD-TEST-0044 → gridtokenx:events:v1 (ID: 1774418730556-8)
[2m2026-03-25T06:05:30.554935Z[0m [32m INFO[0m [2mgridtokenx_oracle_bridge::router[0m[2m:[0m 📤 Disseminated SmartMeter LOAD-TEST-0045 → gridtokenx:events:v1 (ID: 1774418730556-2)
[2m2026-03-25T06:05:30.554941Z[0m [32m INFO[0m [2mgridtokenx_oracle_bridge::router[0m[2m:[0m 📤 Disseminated Battery LOAD-TEST-0040 → gridtokenx:battery:v1 (ID: 1774418730556-2)
[2m2026-03-25T06:05:30.554967Z[0m [32m INFO[0m [2mgridtokenx_oracle_bridge::router[0m[2m:[0m 📤 Disseminated EvCharger LOAD-TEST-0020 → gridtokenx:ev:v1 (ID: 1774418730556-4)
[2m2026-03-25T06:05:30.554983Z[0m [32m INFO[0m [2mgridtokenx_oracle_bridge::router[0m[2m:[0m 📤 Disseminated Battery LOAD-TEST-0027 → gridtokenx:battery:v1 (ID: 1774418730556-0)
[2m2026-03-25T06:05:30.554992Z[0m [32m INFO[0m [2mgridtokenx_oracle_bridge::router[0m[2m:[0m 📤 Disseminated SmartMeter LOAD-TEST-0030 → gridtokenx:events:v1 (ID: 1774418730556-3)
[2m2026-03-25T06:05:30.555013Z[0m [32m INFO[0m [2mgridtokenx_oracle_bridge::router[0m[2m:[0m 📤 Disseminated EvCharger LOAD-TEST-0032 → gridtokenx:ev:v1 (ID: 1774418730556-0)
[2m2026-03-25T06:05:30.555018Z[0m [32m INFO[0m [2mgridtokenx_oracle_bridge::router[0m[2m:[0m 📤 Disseminated EvCharger LOAD-TEST-0052 → gridtokenx:ev:v1 (ID: 1774418730556-5)
[2m2026-03-25T06:05:30.555041Z[0m [32m INFO[0m [2mgridtokenx_oracle_bridge::router[0m[2m:[0m 📤 Disseminated EvCharger LOAD-TEST-0026 → gridtokenx:ev:v1 (ID: 1774418730556-1)
[2m2026-03-25T06:05:30.555052Z[0m [32m INFO[0m [2mgridtokenx_oracle_bridge::router[0m[2m:[0m 📤 Disseminated SmartMeter LOAD-TEST-0046 → gridtokenx:events:v1 (ID: 1774418730556-4)
[2m2026-03-25T06:05:30.555079Z[0m [32m INFO[0m [2mgridtokenx_oracle_bridge::router[0m[2m:[0m 📤 Disseminated Battery LOAD-TEST-0024 → gridtokenx:battery:v1 (ID: 1774418730556-1)
[2m2026-03-25T06:05:30.555107Z[0m [32m INFO[0m [2mgridtokenx_oracle_bridge::router[0m[2m:[0m 📤 Disseminated SmartMeter LOAD-TEST-0029 → gridtokenx:events:v1 (ID: 1774418730556-0)
[2m2026-03-25T06:05:30.555137Z[0m [32m INFO[0m [2mgridtokenx_oracle_bridge::router[0m[2m:[0m 📤 Disseminated EvCharger LOAD-TEST-0036 → gridtokenx:ev:v1 (ID: 1774418730556-2)
[2m2026-03-25T06:05:30.555163Z[0m [32m INFO[0m [2mgridtokenx_oracle_bridge::router[0m[2m:[0m 📤 Disseminated SmartMeter LOAD-TEST-0033 → gridtokenx:events:v1 (ID: 1774418730556-1)
[2m2026-03-25T06:05:30.555158Z[0m [32m INFO[0m [2mgridtokenx_oracle_bridge::router[0m[2m:[0m 📤 Disseminated SmartMeter LOAD-TEST-0023 → gridtokenx:events:v1 (ID: 1774418730556-5)
[2m2026-03-25T06:05:30.555223Z[0m [32m INFO[0m [2mgridtokenx_oracle_bridge::router[0m[2m:[0m 📤 Disseminated SmartMeter LOAD-TEST-0048 → gridtokenx:events:v1 (ID: 1774418730556-6)
[2m2026-03-25T06:05:30.555250Z[0m [32m INFO[0m [2mgridtokenx_oracle_bridge::router[0m[2m:[0m 📤 Disseminated EvCharger LOAD-TEST-0041 → gridtokenx:ev:v1 (ID: 1774418730556-6)
[2m2026-03-25T06:05:30.555277Z[0m [32m INFO[0m [2mgridtokenx_oracle_bridge::router[0m[2m:[0m 📤 Disseminated EvCharger LOAD-TEST-0038 → gridtokenx:ev:v1 (ID: 1774418730556-7)
[2m2026-03-25T06:05:30.555303Z[0m [32m INFO[0m [2mgridtokenx_oracle_bridge::router[0m[2m:[0m 📤 Disseminated EvCharger LOAD-TEST-0055 → gridtokenx:ev:v1 (ID: 1774418730556-8)
[2m2026-03-25T06:05:30.555330Z[0m [32m INFO[0m [2mgridtokenx_oracle_bridge::router[0m[2m:[0m 📤 Disseminated SmartMeter LOAD-TEST-0050 → gridtokenx:events:v1 (ID: 1774418730556-7)
[2m2026-03-25T06:05:30.555384Z[0m [32m INFO[0m [2mgridtokenx_oracle_bridge::router[0m[2m:[0m 📤 Disseminated SmartMeter LOAD-TEST-0053 → gridtokenx:events:v1 (ID: 1774418730557-0)
[2m2026-03-25T06:05:30.553233Z[0m [32m INFO[0m [2mgridtokenx_oracle_bridge::handlers[0m[2m:[0m 🔋 Battery reading from: LOAD-TEST-0056
[2m2026-03-25T06:05:30.552730Z[0m [32m INFO[0m [2mgridtokenx_oracle_bridge::handlers[0m[2m:[0m 📡 Smart meter reading from: LOAD-TEST-0058
[2m2026-03-25T06:05:30.554140Z[0m [32m INFO[0m [2mgridtokenx_oracle_bridge::handlers[0m[2m:[0m 📡 Smart meter reading from: LOAD-TEST-0049
[2m2026-03-25T06:05:30.554293Z[0m [32m INFO[0m [2mgridtokenx_oracle_bridge::router[0m[2m:[0m 📤 Disseminated EvCharger LOAD-TEST-0021 → gridtokenx:ev:v1 (ID: 1774418730555-2)
[2m2026-03-25T06:05:30.553214Z[0m [32m INFO[0m [2mgridtokenx_oracle_bridge::handlers[0m[2m:[0m 🔌 EV charger reading from: LOAD-TEST-0057
[2m2026-03-25T06:05:30.555190Z[0m [32m INFO[0m [2mgridtokenx_oracle_bridge::router[0m[2m:[0m 📤 Disseminated EvCharger LOAD-TEST-0043 → gridtokenx:ev:v1 (ID: 1774418730556-3)
[2m2026-03-25T06:05:30.556499Z[0m [32m INFO[0m [2mgridtokenx_oracle_bridge::router[0m[2m:[0m 📤 Disseminated EvCharger LOAD-TEST-0057 → gridtokenx:ev:v1 (ID: 1774418730558-0)
[2m2026-03-25T06:05:30.556582Z[0m [32m INFO[0m [2mgridtokenx_oracle_bridge::router[0m[2m:[0m 📤 Disseminated SmartMeter LOAD-TEST-0058 → gridtokenx:events:v1 (ID: 1774418730558-0)
[2m2026-03-25T06:05:30.553166Z[0m [32m INFO[0m [2mgridtokenx_oracle_bridge::handlers[0m[2m:[0m 🔋 Battery reading from: LOAD-TEST-0051
[2m2026-03-25T06:05:30.556611Z[0m [32m INFO[0m [2mgridtokenx_oracle_bridge::router[0m[2m:[0m 📤 Disseminated Battery LOAD-TEST-0056 → gridtokenx:battery:v1 (ID: 1774418730558-0)
[2m2026-03-25T06:05:30.556741Z[0m [32m INFO[0m [2mgridtokenx_oracle_bridge::router[0m[2m:[0m 📤 Disseminated SmartMeter LOAD-TEST-0049 → gridtokenx:events:v1 (ID: 1774418730558-1)
[2m2026-03-25T06:05:30.558765Z[0m [32m INFO[0m [2mgridtokenx_oracle_bridge::ingester[0m[2m:[0m 🌐 Received SmartMeter reading: LOAD-TEST-0003 (LOAD-TEST-0003)
[2m2026-03-25T06:05:30.560568Z[0m [32m INFO[0m [2mgridtokenx_oracle_bridge::router[0m[2m:[0m 📤 Disseminated Battery LOAD-TEST-0051 → gridtokenx:battery:v1 (ID: 1774418730559-0)
[2m2026-03-25T06:05:45.632633Z[0m [32m INFO[0m [2mgridtokenx_oracle_bridge::ingester[0m[2m:[0m ⛓️ On-Chain Update Success: [SmartMeter] LOAD-TEST-0003 - TX: 3Jt5u3hTtNQ4YbGC8yq8khV6RdgLzL7ACtQFf6Nr7z7GYknvZCaqbNWxKvSu8yBK4YH7KUPgPjeyKFwqbj6TWJgB
[2m2026-03-25T06:05:45.632792Z[0m [32m INFO[0m [2mgridtokenx_oracle_bridge::handlers[0m[2m:[0m 🔋 Battery reading from: LOAD-TEST-0059
[2m2026-03-25T06:05:45.632792Z[0m [32m INFO[0m [2mgridtokenx_oracle_bridge::handlers[0m[2m:[0m 🔌 EV charger reading from: LOAD-TEST-0063
[2m2026-03-25T06:05:45.632899Z[0m [32m INFO[0m [2mgridtokenx_oracle_bridge::handlers[0m[2m:[0m 📡 Smart meter reading from: LOAD-TEST-0072
[2m2026-03-25T06:05:45.632909Z[0m [32m INFO[0m [2mgridtokenx_oracle_bridge::handlers[0m[2m:[0m 📡 Smart meter reading from: LOAD-TEST-0071
[2m2026-03-25T06:05:45.632974Z[0m [32m INFO[0m [2mgridtokenx_oracle_bridge::handlers[0m[2m:[0m 🔌 EV charger reading from: LOAD-TEST-0070
[2m2026-03-25T06:05:45.632978Z[0m [32m INFO[0m [2mgridtokenx_oracle_bridge::handlers[0m[2m:[0m 🔋 Battery reading from: LOAD-TEST-0061
[2m2026-03-25T06:05:45.633045Z[0m [32m INFO[0m [2mgridtokenx_oracle_bridge::handlers[0m[2m:[0m 🔌 EV charger reading from: LOAD-TEST-0069
[2m2026-03-25T06:05:45.633110Z[0m [32m INFO[0m [2mgridtokenx_oracle_bridge::handlers[0m[2m:[0m 🔋 Battery reading from: LOAD-TEST-0094
[2m2026-03-25T06:05:45.633166Z[0m [32m INFO[0m [2mgridtokenx_oracle_bridge::handlers[0m[2m:[0m 🔌 EV charger reading from: LOAD-TEST-0074
[2m2026-03-25T06:05:45.632974Z[0m [32m INFO[0m [2mgridtokenx_oracle_bridge::handlers[0m[2m:[0m 🔌 EV charger reading from: LOAD-TEST-0066
[2m2026-03-25T06:05:45.632986Z[0m [32m INFO[0m [2mgridtokenx_oracle_bridge::handlers[0m[2m:[0m 🔌 EV charger reading from: LOAD-TEST-0073
[2m2026-03-25T06:05:45.633235Z[0m [32m INFO[0m [2mgridtokenx_oracle_bridge::handlers[0m[2m:[0m 🔌 EV charger reading from: LOAD-TEST-0065
[2m2026-03-25T06:05:45.633294Z[0m [32m INFO[0m [2mgridtokenx_oracle_bridge::handlers[0m[2m:[0m 📡 Smart meter reading from: LOAD-TEST-0060
[2m2026-03-25T06:05:45.633352Z[0m [32m INFO[0m [2mgridtokenx_oracle_bridge::handlers[0m[2m:[0m 📡 Smart meter reading from: LOAD-TEST-0062
[2m2026-03-25T06:05:45.633167Z[0m [32m INFO[0m [2mgridtokenx_oracle_bridge::handlers[0m[2m:[0m 📡 Smart meter reading from: LOAD-TEST-0093
[2m2026-03-25T06:05:45.633446Z[0m [32m INFO[0m [2mgridtokenx_oracle_bridge::handlers[0m[2m:[0m 📡 Smart meter reading from: LOAD-TEST-0092
[2m2026-03-25T06:05:45.633492Z[0m [32m INFO[0m [2mgridtokenx_oracle_bridge::handlers[0m[2m:[0m 📡 Smart meter reading from: LOAD-TEST-0064
[2m2026-03-25T06:05:45.633583Z[0m [32m INFO[0m [2mgridtokenx_oracle_bridge::handlers[0m[2m:[0m 🔋 Battery reading from: LOAD-TEST-0078
[2m2026-03-25T06:05:45.633588Z[0m [32m INFO[0m [2mgridtokenx_oracle_bridge::handlers[0m[2m:[0m 🔋 Battery reading from: LOAD-TEST-0088
[2m2026-03-25T06:05:45.633666Z[0m [32m INFO[0m [2mgridtokenx_oracle_bridge::handlers[0m[2m:[0m 📡 Smart meter reading from: LOAD-TEST-0077
[2m2026-03-25T06:05:45.633700Z[0m [32m INFO[0m [2mgridtokenx_oracle_bridge::handlers[0m[2m:[0m 🔋 Battery reading from: LOAD-TEST-0089
[2m2026-03-25T06:05:45.633721Z[0m [32m INFO[0m [2mgridtokenx_oracle_bridge::handlers[0m[2m:[0m 📡 Smart meter reading from: LOAD-TEST-0079
[2m2026-03-25T06:05:45.633227Z[0m [32m INFO[0m [2mgridtokenx_oracle_bridge::handlers[0m[2m:[0m 🔋 Battery reading from: LOAD-TEST-0097
[2m2026-03-25T06:05:45.633880Z[0m [32m INFO[0m [2mgridtokenx_oracle_bridge::handlers[0m[2m:[0m 🔌 EV charger reading from: LOAD-TEST-0084
[2m2026-03-25T06:05:45.633968Z[0m [32m INFO[0m [2mgridtokenx_oracle_bridge::handlers[0m[2m:[0m 📡 Smart meter reading from: LOAD-TEST-0096
[2m2026-03-25T06:05:45.634055Z[0m [32m INFO[0m [2mgridtokenx_oracle_bridge::handlers[0m[2m:[0m 🔋 Battery reading from: LOAD-TEST-0100
[2m2026-03-25T06:05:45.634116Z[0m [32m INFO[0m [2mgridtokenx_oracle_bridge::handlers[0m[2m:[0m 🔌 EV charger reading from: LOAD-TEST-0101
[2m2026-03-25T06:05:45.634175Z[0m [32m INFO[0m [2mgridtokenx_oracle_bridge::handlers[0m[2m:[0m 🔌 EV charger reading from: LOAD-TEST-0102
[2m2026-03-25T06:05:45.634232Z[0m [32m INFO[0m [2mgridtokenx_oracle_bridge::handlers[0m[2m:[0m 🔌 EV charger reading from: LOAD-TEST-0103
[2m2026-03-25T06:05:45.634310Z[0m [32m INFO[0m [2mgridtokenx_oracle_bridge::handlers[0m[2m:[0m 🔋 Battery reading from: LOAD-TEST-0105
[2m2026-03-25T06:05:45.634413Z[0m [32m INFO[0m [2mgridtokenx_oracle_bridge::handlers[0m[2m:[0m 🔌 EV charger reading from: LOAD-TEST-0108
[2m2026-03-25T06:05:45.634526Z[0m [32m INFO[0m [2mgridtokenx_oracle_bridge::router[0m[2m:[0m 📤 Disseminated SmartMeter LOAD-TEST-0093 → gridtokenx:events:v1 (ID: 1774418745633-3)
[2m2026-03-25T06:05:45.634572Z[0m [32m INFO[0m [2mgridtokenx_oracle_bridge::router[0m[2m:[0m 📤 Disseminated EvCharger LOAD-TEST-0063 → gridtokenx:ev:v1 (ID: 1774418745633-0)
[2m2026-03-25T06:05:45.633668Z[0m [32m INFO[0m [2mgridtokenx_oracle_bridge::handlers[0m[2m:[0m 🔌 EV charger reading from: LOAD-TEST-0085
[2m2026-03-25T06:05:45.633016Z[0m [32m INFO[0m [2mgridtokenx_oracle_bridge::handlers[0m[2m:[0m 🔌 EV charger reading from: LOAD-TEST-0067
[2m2026-03-25T06:05:45.633296Z[0m [32m INFO[0m [2mgridtokenx_oracle_bridge::handlers[0m[2m:[0m 🔌 EV charger reading from: LOAD-TEST-0068
[2m2026-03-25T06:05:45.635015Z[0m [32m INFO[0m [2mgridtokenx_oracle_bridge::router[0m[2m:[0m 📤 Disseminated EvCharger LOAD-TEST-0070 → gridtokenx:ev:v1 (ID: 1774418745633-1)
[2m2026-03-25T06:05:45.635091Z[0m [32m INFO[0m [2mgridtokenx_oracle_bridge::router[0m[2m:[0m 📤 Disseminated Battery LOAD-TEST-0061 → gridtokenx:battery:v1 (ID: 1774418745633-1)
[2m2026-03-25T06:05:45.635114Z[0m [32m INFO[0m [2mgridtokenx_oracle_bridge::router[0m[2m:[0m 📤 Disseminated SmartMeter LOAD-TEST-0072 → gridtokenx:events:v1 (ID: 1774418745633-0)
[2m2026-03-25T06:05:45.635134Z[0m [32m INFO[0m [2mgridtokenx_oracle_bridge::router[0m[2m:[0m 📤 Disseminated EvCharger LOAD-TEST-0065 → gridtokenx:ev:v1 (ID: 1774418745633-6)
[2m2026-03-25T06:05:45.635148Z[0m [32m INFO[0m [2mgridtokenx_oracle_bridge::router[0m[2m:[0m 📤 Disseminated SmartMeter LOAD-TEST-0071 → gridtokenx:events:v1 (ID: 1774418745633-1)
[2m2026-03-25T06:05:45.635168Z[0m [32m INFO[0m [2mgridtokenx_oracle_bridge::router[0m[2m:[0m 📤 Disseminated EvCharger LOAD-TEST-0069 → gridtokenx:ev:v1 (ID: 1774418745633-2)
[2m2026-03-25T06:05:45.633755Z[0m [32m INFO[0m [2mgridtokenx_oracle_bridge::handlers[0m[2m:[0m 🔋 Battery reading from: LOAD-TEST-0081
[2m2026-03-25T06:05:45.635198Z[0m [32m INFO[0m [2mgridtokenx_oracle_bridge::router[0m[2m:[0m 📤 Disseminated EvCharger LOAD-TEST-0074 → gridtokenx:ev:v1 (ID: 1774418745633-4)
[2m2026-03-25T06:05:45.633788Z[0m [32m INFO[0m [2mgridtokenx_oracle_bridge::handlers[0m[2m:[0m 🔋 Battery reading from: LOAD-TEST-0087
[2m2026-03-25T06:05:45.635231Z[0m [32m INFO[0m [2mgridtokenx_oracle_bridge::router[0m[2m:[0m 📤 Disseminated SmartMeter LOAD-TEST-0060 → gridtokenx:events:v1 (ID: 1774418745633-2)
[2m2026-03-25T06:05:45.635303Z[0m [32m INFO[0m [2mgridtokenx_oracle_bridge::router[0m[2m:[0m 📤 Disseminated EvCharger LOAD-TEST-0085 → gridtokenx:ev:v1 (ID: 1774418745634-5)
[2m2026-03-25T06:05:45.635313Z[0m [32m INFO[0m [2mgridtokenx_oracle_bridge::router[0m[2m:[0m 📤 Disseminated Battery LOAD-TEST-0097 → gridtokenx:battery:v1 (ID: 1774418745634-3)
[2m2026-03-25T06:05:45.635336Z[0m [32m INFO[0m [2mgridtokenx_oracle_bridge::router[0m[2m:[0m 📤 Disseminated EvCharger LOAD-TEST-0084 → gridtokenx:ev:v1 (ID: 1774418745634-0)
[2m2026-03-25T06:05:45.635351Z[0m [32m INFO[0m [2mgridtokenx_oracle_bridge::router[0m[2m:[0m 📤 Disseminated SmartMeter LOAD-TEST-0062 → gridtokenx:events:v1 (ID: 1774418745634-0)
[2m2026-03-25T06:05:45.635370Z[0m [32m INFO[0m [2mgridtokenx_oracle_bridge::router[0m[2m:[0m 📤 Disseminated SmartMeter LOAD-TEST-0096 → gridtokenx:events:v1 (ID: 1774418745634-5)
[2m2026-03-25T06:05:45.635379Z[0m [32m INFO[0m [2mgridtokenx_oracle_bridge::router[0m[2m:[0m 📤 Disseminated SmartMeter LOAD-TEST-0092 → gridtokenx:events:v1 (ID: 1774418745634-1)
[2m2026-03-25T06:05:45.635399Z[0m [32m INFO[0m [2mgridtokenx_oracle_bridge::router[0m[2m:[0m 📤 Disseminated Battery LOAD-TEST-0100 → gridtokenx:battery:v1 (ID: 1774418745634-4)
[2m2026-03-25T06:05:45.635406Z[0m [32m INFO[0m [2mgridtokenx_oracle_bridge::router[0m[2m:[0m 📤 Disseminated SmartMeter LOAD-TEST-0064 → gridtokenx:events:v1 (ID: 1774418745634-2)
[2m2026-03-25T06:05:45.635426Z[0m [32m INFO[0m [2mgridtokenx_oracle_bridge::router[0m[2m:[0m 📤 Disseminated EvCharger LOAD-TEST-0101 → gridtokenx:ev:v1 (ID: 1774418745634-1)
[2m2026-03-25T06:05:45.635431Z[0m [32m INFO[0m [2mgridtokenx_oracle_bridge::router[0m[2m:[0m 📤 Disseminated Battery LOAD-TEST-0078 → gridtokenx:battery:v1 (ID: 1774418745634-0)
[2m2026-03-25T06:05:45.635453Z[0m [32m INFO[0m [2mgridtokenx_oracle_bridge::router[0m[2m:[0m 📤 Disseminated EvCharger LOAD-TEST-0102 → gridtokenx:ev:v1 (ID: 1774418745634-2)
[2m2026-03-25T06:05:45.635457Z[0m [32m INFO[0m [2mgridtokenx_oracle_bridge::router[0m[2m:[0m 📤 Disseminated Battery LOAD-TEST-0088 → gridtokenx:battery:v1 (ID: 1774418745634-1)
[2m2026-03-25T06:05:45.635479Z[0m [32m INFO[0m [2mgridtokenx_oracle_bridge::router[0m[2m:[0m 📤 Disseminated EvCharger LOAD-TEST-0108 → gridtokenx:ev:v1 (ID: 1774418745634-4)
[2m2026-03-25T06:05:45.635487Z[0m [32m INFO[0m [2mgridtokenx_oracle_bridge::router[0m[2m:[0m 📤 Disseminated SmartMeter LOAD-TEST-0077 → gridtokenx:events:v1 (ID: 1774418745634-3)
[2m2026-03-25T06:05:45.635512Z[0m [32m INFO[0m [2mgridtokenx_oracle_bridge::router[0m[2m:[0m 📤 Disseminated Battery LOAD-TEST-0089 → gridtokenx:battery:v1 (ID: 1774418745634-2)
[2m2026-03-25T06:05:45.635516Z[0m [32m INFO[0m [2mgridtokenx_oracle_bridge::router[0m[2m:[0m 📤 Disseminated SmartMeter LOAD-TEST-0079 → gridtokenx:events:v1 (ID: 1774418745634-4)
[2m2026-03-25T06:05:45.635541Z[0m [32m INFO[0m [2mgridtokenx_oracle_bridge::router[0m[2m:[0m 📤 Disseminated EvCharger LOAD-TEST-0103 → gridtokenx:ev:v1 (ID: 1774418745634-3)
[2m2026-03-25T06:05:45.635553Z[0m [32m INFO[0m [2mgridtokenx_oracle_bridge::router[0m[2m:[0m 📤 Disseminated EvCharger LOAD-TEST-0068 → gridtokenx:ev:v1 (ID: 1774418745635-1)
[2m2026-03-25T06:05:45.635567Z[0m [32m INFO[0m [2mgridtokenx_oracle_bridge::router[0m[2m:[0m 📤 Disseminated EvCharger LOAD-TEST-0067 → gridtokenx:ev:v1 (ID: 1774418745635-0)
[2m2026-03-25T06:05:45.634603Z[0m [32m INFO[0m [2mgridtokenx_oracle_bridge::router[0m[2m:[0m 📤 Disseminated Battery LOAD-TEST-0059 → gridtokenx:battery:v1 (ID: 1774418745633-0)
[2m2026-03-25T06:05:45.634606Z[0m [32m INFO[0m [2mgridtokenx_oracle_bridge::router[0m[2m:[0m 📤 Disseminated Battery LOAD-TEST-0094 → gridtokenx:battery:v1 (ID: 1774418745633-2)
[2m2026-03-25T06:05:45.634660Z[0m [32m INFO[0m [2mgridtokenx_oracle_bridge::router[0m[2m:[0m 📤 Disseminated EvCharger LOAD-TEST-0073 → gridtokenx:ev:v1 (ID: 1774418745633-5)
[2m2026-03-25T06:05:45.635179Z[0m [32m INFO[0m [2mgridtokenx_oracle_bridge::router[0m[2m:[0m 📤 Disseminated EvCharger LOAD-TEST-0066 → gridtokenx:ev:v1 (ID: 1774418745633-3)
[2m2026-03-25T06:05:45.635210Z[0m [32m INFO[0m [2mgridtokenx_oracle_bridge::ingester[0m[2m:[0m 🌐 Received SmartMeter reading: LOAD-TEST-0007 (LOAD-TEST-0007)
[2m2026-03-25T06:05:45.635458Z[0m [32m INFO[0m [2mgridtokenx_oracle_bridge::router[0m[2m:[0m 📤 Disseminated Battery LOAD-TEST-0105 → gridtokenx:battery:v1 (ID: 1774418745634-5)
[2m2026-03-25T06:05:45.637797Z[0m [32m INFO[0m [2mgridtokenx_oracle_bridge::router[0m[2m:[0m 📤 Disseminated Battery LOAD-TEST-0087 → gridtokenx:battery:v1 (ID: 1774418745635-0)
[2m2026-03-25T06:05:45.636992Z[0m [32m INFO[0m [2mgridtokenx_oracle_bridge::router[0m[2m:[0m 📤 Disseminated Battery LOAD-TEST-0081 → gridtokenx:battery:v1 (ID: 1774418745635-1)
[2m2026-03-25T06:05:45.633235Z[0m [32m INFO[0m [2mgridtokenx_oracle_bridge::handlers[0m[2m:[0m 🔋 Battery reading from: LOAD-TEST-0098
[2m2026-03-25T06:05:45.641864Z[0m [32m INFO[0m [2mgridtokenx_oracle_bridge::router[0m[2m:[0m 📤 Disseminated Battery LOAD-TEST-0098 → gridtokenx:battery:v1 (ID: 1774418745640-0)
[2m2026-03-25T06:06:00.726789Z[0m [32m INFO[0m [2mgridtokenx_oracle_bridge::ingester[0m[2m:[0m ⛓️ On-Chain Update Success: [SmartMeter] LOAD-TEST-0007 - TX: 2tHZLVBwx1ErbN82tw5EEW6znF5RnS5BA2a3i9xhJX9eJ7PgSzv3Zf1E1hN8iX4rLJypjFpWS6qpS5ji48H8a8vm
[2m2026-03-25T06:06:00.727216Z[0m [32m INFO[0m [2mgridtokenx_oracle_bridge::handlers[0m[2m:[0m 🔌 EV charger reading from: LOAD-TEST-0110
[2m2026-03-25T06:06:00.727216Z[0m [32m INFO[0m [2mgridtokenx_oracle_bridge::handlers[0m[2m:[0m 🔌 EV charger reading from: LOAD-TEST-0111
[2m2026-03-25T06:06:00.727265Z[0m [32m INFO[0m [2mgridtokenx_oracle_bridge::handlers[0m[2m:[0m 🔌 EV charger reading from: LOAD-TEST-0112
[2m2026-03-25T06:06:00.727321Z[0m [32m INFO[0m [2mgridtokenx_oracle_bridge::handlers[0m[2m:[0m 🔋 Battery reading from: LOAD-TEST-0113
[2m2026-03-25T06:06:00.727344Z[0m [32m INFO[0m [2mgridtokenx_oracle_bridge::handlers[0m[2m:[0m 🔌 EV charger reading from: LOAD-TEST-0115
[2m2026-03-25T06:06:00.727390Z[0m [32m INFO[0m [2mgridtokenx_oracle_bridge::handlers[0m[2m:[0m 🔌 EV charger reading from: LOAD-TEST-0118
[2m2026-03-25T06:06:00.727398Z[0m [32m INFO[0m [2mgridtokenx_oracle_bridge::handlers[0m[2m:[0m 📡 Smart meter reading from: LOAD-TEST-0119
[2m2026-03-25T06:06:00.727285Z[0m [32m INFO[0m [2mgridtokenx_oracle_bridge::handlers[0m[2m:[0m 🔌 EV charger reading from: LOAD-TEST-0116
[2m2026-03-25T06:06:00.727569Z[0m [32m INFO[0m [2mgridtokenx_oracle_bridge::handlers[0m[2m:[0m 🔌 EV charger reading from: LOAD-TEST-0126
[2m2026-03-25T06:06:00.727632Z[0m [32m INFO[0m [2mgridtokenx_oracle_bridge::handlers[0m[2m:[0m 🔌 EV charger reading from: LOAD-TEST-0128
[2m2026-03-25T06:06:00.727687Z[0m [32m INFO[0m [2mgridtokenx_oracle_bridge::handlers[0m[2m:[0m 🔋 Battery reading from: LOAD-TEST-0125
[2m2026-03-25T06:06:00.727459Z[0m [32m INFO[0m [2mgridtokenx_oracle_bridge::handlers[0m[2m:[0m 📡 Smart meter reading from: LOAD-TEST-0120
[2m2026-03-25T06:06:00.727829Z[0m [32m INFO[0m [2mgridtokenx_oracle_bridge::handlers[0m[2m:[0m 📡 Smart meter reading from: LOAD-TEST-0154
[2m2026-03-25T06:06:00.727862Z[0m [32m INFO[0m [2mgridtokenx_oracle_bridge::handlers[0m[2m:[0m 🔌 EV charger reading from: LOAD-TEST-0156
[2m2026-03-25T06:06:00.727893Z[0m [32m INFO[0m [2mgridtokenx_oracle_bridge::handlers[0m[2m:[0m 🔌 EV charger reading from: LOAD-TEST-0158
[2m2026-03-25T06:06:00.727924Z[0m [32m INFO[0m [2mgridtokenx_oracle_bridge::handlers[0m[2m:[0m 📡 Smart meter reading from: LOAD-TEST-0157
[2m2026-03-25T06:06:00.727952Z[0m [32m INFO[0m [2mgridtokenx_oracle_bridge::handlers[0m[2m:[0m 🔌 EV charger reading from: LOAD-TEST-0130
[2m2026-03-25T06:06:00.727985Z[0m [32m INFO[0m [2mgridtokenx_oracle_bridge::handlers[0m[2m:[0m 🔋 Battery reading from: LOAD-TEST-0124
[2m2026-03-25T06:06:00.728006Z[0m [32m INFO[0m [2mgridtokenx_oracle_bridge::handlers[0m[2m:[0m 📡 Smart meter reading from: LOAD-TEST-0129
[2m2026-03-25T06:06:00.728045Z[0m [32m INFO[0m [2mgridtokenx_oracle_bridge::handlers[0m[2m:[0m 🔌 EV charger reading from: LOAD-TEST-0122
[2m2026-03-25T06:06:00.728060Z[0m [32m INFO[0m [2mgridtokenx_oracle_bridge::handlers[0m[2m:[0m 🔋 Battery reading from: LOAD-TEST-0131
[2m2026-03-25T06:06:00.727314Z[0m [32m INFO[0m [2mgridtokenx_oracle_bridge::handlers[0m[2m:[0m 📡 Smart meter reading from: LOAD-TEST-0117
[2m2026-03-25T06:06:00.728231Z[0m [32m INFO[0m [2mgridtokenx_oracle_bridge::handlers[0m[2m:[0m 📡 Smart meter reading from: LOAD-TEST-0149
[2m2026-03-25T06:06:00.728250Z[0m [32m INFO[0m [2mgridtokenx_oracle_bridge::handlers[0m[2m:[0m 🔌 EV charger reading from: LOAD-TEST-0138
[2m2026-03-25T06:06:00.728290Z[0m [32m INFO[0m [2mgridtokenx_oracle_bridge::handlers[0m[2m:[0m 📡 Smart meter reading from: LOAD-TEST-0151
[2m2026-03-25T06:06:00.728306Z[0m [32m INFO[0m [2mgridtokenx_oracle_bridge::handlers[0m[2m:[0m 🔌 EV charger reading from: LOAD-TEST-0132
[2m2026-03-25T06:06:00.728347Z[0m [32m INFO[0m [2mgridtokenx_oracle_bridge::handlers[0m[2m:[0m 📡 Smart meter reading from: LOAD-TEST-0150
[2m2026-03-25T06:06:00.728364Z[0m [32m INFO[0m [2mgridtokenx_oracle_bridge::handlers[0m[2m:[0m 📡 Smart meter reading from: LOAD-TEST-0133
[2m2026-03-25T06:06:00.728430Z[0m [32m INFO[0m [2mgridtokenx_oracle_bridge::handlers[0m[2m:[0m 📡 Smart meter reading from: LOAD-TEST-0139
[2m2026-03-25T06:06:00.728440Z[0m [32m INFO[0m [2mgridtokenx_oracle_bridge::handlers[0m[2m:[0m 📡 Smart meter reading from: LOAD-TEST-0134
[2m2026-03-25T06:06:00.728485Z[0m [32m INFO[0m [2mgridtokenx_oracle_bridge::handlers[0m[2m:[0m 📡 Smart meter reading from: LOAD-TEST-0140
[2m2026-03-25T06:06:00.728491Z[0m [32m INFO[0m [2mgridtokenx_oracle_bridge::handlers[0m[2m:[0m 🔌 EV charger reading from: LOAD-TEST-0137
[2m2026-03-25T06:06:00.728517Z[0m [32m INFO[0m [2mgridtokenx_oracle_bridge::handlers[0m[2m:[0m 🔌 EV charger reading from: LOAD-TEST-0147
[2m2026-03-25T06:06:00.728542Z[0m [32m INFO[0m [2mgridtokenx_oracle_bridge::handlers[0m[2m:[0m 📡 Smart meter reading from: LOAD-TEST-0148
[2m2026-03-25T06:06:00.728123Z[0m [32m INFO[0m [2mgridtokenx_oracle_bridge::handlers[0m[2m:[0m 🔌 EV charger reading from: LOAD-TEST-0146
[2m2026-03-25T06:06:00.727704Z[0m [32m INFO[0m [2mgridtokenx_oracle_bridge::handlers[0m[2m:[0m 🔌 EV charger reading from: LOAD-TEST-0121
[2m2026-03-25T06:06:00.728624Z[0m [32m INFO[0m [2mgridtokenx_oracle_bridge::handlers[0m[2m:[0m 🔋 Battery reading from: LOAD-TEST-0155
[2m2026-03-25T06:06:00.728669Z[0m [32m INFO[0m [2mgridtokenx_oracle_bridge::handlers[0m[2m:[0m 📡 Smart meter reading from: LOAD-TEST-0143
[2m2026-03-25T06:06:00.728682Z[0m [32m INFO[0m [2mgridtokenx_oracle_bridge::handlers[0m[2m:[0m 📡 Smart meter reading from: LOAD-TEST-0141
[2m2026-03-25T06:06:00.728103Z[0m [32m INFO[0m [2mgridtokenx_oracle_bridge::handlers[0m[2m:[0m 🔋 Battery reading from: LOAD-TEST-0145
[2m2026-03-25T06:06:00.728543Z[0m [32m INFO[0m [2mgridtokenx_oracle_bridge::handlers[0m[2m:[0m 📡 Smart meter reading from: LOAD-TEST-0136
[2m2026-03-25T06:06:00.729241Z[0m [32m INFO[0m [2mgridtokenx_oracle_bridge::router[0m[2m:[0m 📤 Disseminated SmartMeter LOAD-TEST-0143 → gridtokenx:events:v1 (ID: 1774418760729-1)
[2m2026-03-25T06:06:00.729247Z[0m [32m INFO[0m [2mgridtokenx_oracle_bridge::router[0m[2m:[0m 📤 Disseminated Battery LOAD-TEST-0124 → gridtokenx:battery:v1 (ID: 1774418760728-1)
[2m2026-03-25T06:06:00.729276Z[0m [32m INFO[0m [2mgridtokenx_oracle_bridge::router[0m[2m:[0m 📤 Disseminated SmartMeter LOAD-TEST-0133 → gridtokenx:events:v1 (ID: 1774418760728-8)
[2m2026-03-25T06:06:00.729282Z[0m [32m INFO[0m [2mgridtokenx_oracle_bridge::router[0m[2m:[0m 📤 Disseminated EvCharger LOAD-TEST-0110 → gridtokenx:ev:v1 (ID: 1774418760727-0)
[2m2026-03-25T06:06:00.727728Z[0m [32m INFO[0m [2mgridtokenx_oracle_bridge::handlers[0m[2m:[0m 📡 Smart meter reading from: LOAD-TEST-0109
[2m2026-03-25T06:06:00.729302Z[0m [32m INFO[0m [2mgridtokenx_oracle_bridge::router[0m[2m:[0m 📤 Disseminated SmartMeter LOAD-TEST-0139 → gridtokenx:events:v1 (ID: 1774418760728-9)
[2m2026-03-25T06:06:00.729313Z[0m [32m INFO[0m [2mgridtokenx_oracle_bridge::router[0m[2m:[0m 📤 Disseminated EvCharger LOAD-TEST-0128 → gridtokenx:ev:v1 (ID: 1774418760728-0)
[2m2026-03-25T06:06:00.729334Z[0m [32m INFO[0m [2mgridtokenx_oracle_bridge::router[0m[2m:[0m 📤 Disseminated SmartMeter LOAD-TEST-0134 → gridtokenx:events:v1 (ID: 1774418760728-10)
[2m2026-03-25T06:06:00.729339Z[0m [32m INFO[0m [2mgridtokenx_oracle_bridge::router[0m[2m:[0m 📤 Disseminated EvCharger LOAD-TEST-0147 → gridtokenx:ev:v1 (ID: 1774418760729-0)
[2m2026-03-25T06:06:00.729362Z[0m [32m INFO[0m [2mgridtokenx_oracle_bridge::router[0m[2m:[0m 📤 Disseminated SmartMeter LOAD-TEST-0148 → gridtokenx:events:v1 (ID: 1774418760729-0)
[2m2026-03-25T06:06:00.729375Z[0m [32m INFO[0m [2mgridtokenx_oracle_bridge::router[0m[2m:[0m 📤 Disseminated SmartMeter LOAD-TEST-0140 → gridtokenx:events:v1 (ID: 1774418760728-11)
[2m2026-03-25T06:06:00.729387Z[0m [32m INFO[0m [2mgridtokenx_oracle_bridge::router[0m[2m:[0m 📤 Disseminated EvCharger LOAD-TEST-0146 → gridtokenx:ev:v1 (ID: 1774418760729-1)
[2m2026-03-25T06:06:00.729267Z[0m [32m INFO[0m [2mgridtokenx_oracle_bridge::router[0m[2m:[0m 📤 Disseminated SmartMeter LOAD-TEST-0150 → gridtokenx:events:v1 (ID: 1774418760728-7)
[2m2026-03-25T06:06:00.729404Z[0m [32m INFO[0m [2mgridtokenx_oracle_bridge::router[0m[2m:[0m 📤 Disseminated EvCharger LOAD-TEST-0137 → gridtokenx:ev:v1 (ID: 1774418760728-7)
[2m2026-03-25T06:06:00.729416Z[0m [32m INFO[0m [2mgridtokenx_oracle_bridge::router[0m[2m:[0m 📤 Disseminated SmartMeter LOAD-TEST-0117 → gridtokenx:events:v1 (ID: 1774418760728-4)
[2m2026-03-25T06:06:00.727791Z[0m [32m INFO[0m [2mgridtokenx_oracle_bridge::handlers[0m[2m:[0m 🔌 EV charger reading from: LOAD-TEST-0123
[2m2026-03-25T06:06:00.729433Z[0m [32m INFO[0m [2mgridtokenx_oracle_bridge::router[0m[2m:[0m 📤 Disseminated EvCharger LOAD-TEST-0156 → gridtokenx:ev:v1 (ID: 1774418760728-1)
[2m2026-03-25T06:06:00.729446Z[0m [32m INFO[0m [2mgridtokenx_oracle_bridge::router[0m[2m:[0m 📤 Disseminated SmartMeter LOAD-TEST-0129 → gridtokenx:events:v1 (ID: 1774418760728-3)
[2m2026-03-25T06:06:00.729460Z[0m [32m INFO[0m [2mgridtokenx_oracle_bridge::router[0m[2m:[0m 📤 Disseminated SmartMeter LOAD-TEST-0120 → gridtokenx:events:v1 (ID: 1774418760728-0)
[2m2026-03-25T06:06:00.729473Z[0m [32m INFO[0m [2mgridtokenx_oracle_bridge::router[0m[2m:[0m 📤 Disseminated EvCharger LOAD-TEST-0122 → gridtokenx:ev:v1 (ID: 1774418760728-4)
[2m2026-03-25T06:06:00.729482Z[0m [32m INFO[0m [2mgridtokenx_oracle_bridge::router[0m[2m:[0m 📤 Disseminated SmartMeter LOAD-TEST-0141 → gridtokenx:events:v1 (ID: 1774418760729-2)
[2m2026-03-25T06:06:00.729486Z[0m [32m INFO[0m [2mgridtokenx_oracle_bridge::router[0m[2m:[0m 📤 Disseminated SmartMeter LOAD-TEST-0154 → gridtokenx:events:v1 (ID: 1774418760728-1)
[2m2026-03-25T06:06:00.729502Z[0m [32m INFO[0m [2mgridtokenx_oracle_bridge::router[0m[2m:[0m 📤 Disseminated Battery LOAD-TEST-0131 → gridtokenx:battery:v1 (ID: 1774418760728-2)
[2m2026-03-25T06:06:00.729511Z[0m [32m INFO[0m [2mgridtokenx_oracle_bridge::router[0m[2m:[0m 📤 Disseminated SmartMeter LOAD-TEST-0151 → gridtokenx:events:v1 (ID: 1774418760728-6)
[2m2026-03-25T06:06:00.729528Z[0m [32m INFO[0m [2mgridtokenx_oracle_bridge::router[0m[2m:[0m 📤 Disseminated EvCharger LOAD-TEST-0130 → gridtokenx:ev:v1 (ID: 1774418760728-3)
[2m2026-03-25T06:06:00.729539Z[0m [32m INFO[0m [2mgridtokenx_oracle_bridge::router[0m[2m:[0m 📤 Disseminated EvCharger LOAD-TEST-0138 → gridtokenx:ev:v1 (ID: 1774418760728-5)
[2m2026-03-25T06:06:00.729554Z[0m [32m INFO[0m [2mgridtokenx_oracle_bridge::router[0m[2m:[0m 📤 Disseminated EvCharger LOAD-TEST-0132 → gridtokenx:ev:v1 (ID: 1774418760728-6)
[2m2026-03-25T06:06:00.729568Z[0m [32m INFO[0m [2mgridtokenx_oracle_bridge::router[0m[2m:[0m 📤 Disseminated EvCharger LOAD-TEST-0118 → gridtokenx:ev:v1 (ID: 1774418760727-3)
[2m2026-03-25T06:06:00.729579Z[0m [32m INFO[0m [2mgridtokenx_oracle_bridge::router[0m[2m:[0m 📤 Disseminated EvCharger LOAD-TEST-0111 → gridtokenx:ev:v1 (ID: 1774418760727-4)
[2m2026-03-25T06:06:00.729598Z[0m [32m INFO[0m [2mgridtokenx_oracle_bridge::router[0m[2m:[0m 📤 Disseminated Battery LOAD-TEST-0113 → gridtokenx:battery:v1 (ID: 1774418760727-0)
[2m2026-03-25T06:06:00.729606Z[0m [32m INFO[0m [2mgridtokenx_oracle_bridge::router[0m[2m:[0m 📤 Disseminated SmartMeter LOAD-TEST-0119 → gridtokenx:events:v1 (ID: 1774418760727-0)
[2m2026-03-25T06:06:00.729625Z[0m [32m INFO[0m [2mgridtokenx_oracle_bridge::router[0m[2m:[0m 📤 Disseminated EvCharger LOAD-TEST-0112 → gridtokenx:ev:v1 (ID: 1774418760727-1)
[2m2026-03-25T06:06:00.729632Z[0m [32m INFO[0m [2mgridtokenx_oracle_bridge::router[0m[2m:[0m 📤 Disseminated EvCharger LOAD-TEST-0115 → gridtokenx:ev:v1 (ID: 1774418760727-2)
[2m2026-03-25T06:06:00.729651Z[0m [32m INFO[0m [2mgridtokenx_oracle_bridge::router[0m[2m:[0m 📤 Disseminated EvCharger LOAD-TEST-0116 → gridtokenx:ev:v1 (ID: 1774418760727-5)
[2m2026-03-25T06:06:00.729657Z[0m [32m INFO[0m [2mgridtokenx_oracle_bridge::router[0m[2m:[0m 📤 Disseminated EvCharger LOAD-TEST-0158 → gridtokenx:ev:v1 (ID: 1774418760728-2)
[2m2026-03-25T06:06:00.729690Z[0m [32m INFO[0m [2mgridtokenx_oracle_bridge::router[0m[2m:[0m 📤 Disseminated EvCharger LOAD-TEST-0121 → gridtokenx:ev:v1 (ID: 1774418760729-2)
[2m2026-03-25T06:06:00.729717Z[0m [32m INFO[0m [2mgridtokenx_oracle_bridge::router[0m[2m:[0m 📤 Disseminated Battery LOAD-TEST-0145 → gridtokenx:battery:v1 (ID: 1774418760729-1)
[2m2026-03-25T06:06:00.729745Z[0m [32m INFO[0m [2mgridtokenx_oracle_bridge::router[0m[2m:[0m 📤 Disseminated SmartMeter LOAD-TEST-0136 → gridtokenx:events:v1 (ID: 1774418760729-3)
[2m2026-03-25T06:06:00.729770Z[0m [32m INFO[0m [2mgridtokenx_oracle_bridge::router[0m[2m:[0m 📤 Disseminated SmartMeter LOAD-TEST-0109 → gridtokenx:events:v1 (ID: 1774418760729-4)
[2m2026-03-25T06:06:00.729283Z[0m [32m INFO[0m [2mgridtokenx_oracle_bridge::router[0m[2m:[0m 📤 Disseminated EvCharger LOAD-TEST-0126 → gridtokenx:ev:v1 (ID: 1774418760727-6)
[2m2026-03-25T06:06:00.729871Z[0m [32m INFO[0m [2mgridtokenx_oracle_bridge::ingester[0m[2m:[0m 🌐 Received SmartMeter reading: LOAD-TEST-0013 (LOAD-TEST-0013)
[2m2026-03-25T06:06:00.729341Z[0m [32m INFO[0m [2mgridtokenx_oracle_bridge::router[0m[2m:[0m 📤 Disseminated Battery LOAD-TEST-0125 → gridtokenx:battery:v1 (ID: 1774418760728-0)
[2m2026-03-25T06:06:00.729387Z[0m [32m INFO[0m [2mgridtokenx_oracle_bridge::router[0m[2m:[0m 📤 Disseminated Battery LOAD-TEST-0155 → gridtokenx:battery:v1 (ID: 1774418760729-0)
[2m2026-03-25T06:06:00.729419Z[0m [32m INFO[0m [2mgridtokenx_oracle_bridge::router[0m[2m:[0m 📤 Disseminated SmartMeter LOAD-TEST-0149 → gridtokenx:events:v1 (ID: 1774418760728-5)
[2m2026-03-25T06:06:00.728588Z[0m [32m INFO[0m [2mgridtokenx_oracle_bridge::handlers[0m[2m:[0m 📡 Smart meter reading from: LOAD-TEST-0152
[2m2026-03-25T06:06:00.729513Z[0m [32m INFO[0m [2mgridtokenx_oracle_bridge::router[0m[2m:[0m 📤 Disseminated SmartMeter LOAD-TEST-0157 → gridtokenx:events:v1 (ID: 1774418760728-2)
[2m2026-03-25T06:06:00.731458Z[0m [32m INFO[0m [2mgridtokenx_oracle_bridge::router[0m[2m:[0m 📤 Disseminated SmartMeter LOAD-TEST-0152 → gridtokenx:events:v1 (ID: 1774418760730-0)
[2m2026-03-25T06:06:00.731942Z[0m [32m INFO[0m [2mgridtokenx_oracle_bridge::router[0m[2m:[0m 📤 Disseminated EvCharger LOAD-TEST-0123 → gridtokenx:ev:v1 (ID: 1774418760729-3)
[2m2026-03-25T06:06:15.302828Z[0m [32m INFO[0m [2mgridtokenx_oracle_bridge::ingester[0m[2m:[0m ⛓️ On-Chain Update Success: [SmartMeter] LOAD-TEST-0013 - TX: 5NxLzLoZcSGyXLqgbC3DH2dDtWyApVNyFNiWe4Sz7CmuwgMXmBE34xbLEjMT9y6bP4ie6M3B16LQTSdmCzjLK8Y1
[2m2026-03-25T06:06:15.302985Z[0m [32m INFO[0m [2mgridtokenx_oracle_bridge::handlers[0m[2m:[0m 🔋 Battery reading from: LOAD-TEST-0161
[2m2026-03-25T06:06:15.303023Z[0m [32m INFO[0m [2mgridtokenx_oracle_bridge::handlers[0m[2m:[0m 🔌 EV charger reading from: LOAD-TEST-0168
[2m2026-03-25T06:06:15.303088Z[0m [32m INFO[0m [2mgridtokenx_oracle_bridge::handlers[0m[2m:[0m 🔌 EV charger reading from: LOAD-TEST-0167
[2m2026-03-25T06:06:15.303097Z[0m [32m INFO[0m [2mgridtokenx_oracle_bridge::handlers[0m[2m:[0m 🔋 Battery reading from: LOAD-TEST-0160
[2m2026-03-25T06:06:15.303161Z[0m [32m INFO[0m [2mgridtokenx_oracle_bridge::handlers[0m[2m:[0m 📡 Smart meter reading from: LOAD-TEST-0166
[2m2026-03-25T06:06:15.303208Z[0m [32m INFO[0m [2mgridtokenx_oracle_bridge::handlers[0m[2m:[0m 📡 Smart meter reading from: LOAD-TEST-0183
[2m2026-03-25T06:06:15.303224Z[0m [32m INFO[0m [2mgridtokenx_oracle_bridge::handlers[0m[2m:[0m 🔌 EV charger reading from: LOAD-TEST-0165
[2m2026-03-25T06:06:15.303270Z[0m [32m INFO[0m [2mgridtokenx_oracle_bridge::handlers[0m[2m:[0m 🔌 EV charger reading from: LOAD-TEST-0186
[2m2026-03-25T06:06:15.303287Z[0m [32m INFO[0m [2mgridtokenx_oracle_bridge::handlers[0m[2m:[0m 🔌 EV charger reading from: LOAD-TEST-0185
[2m2026-03-25T06:06:15.303330Z[0m [32m INFO[0m [2mgridtokenx_oracle_bridge::handlers[0m[2m:[0m 🔌 EV charger reading from: LOAD-TEST-0164
[2m2026-03-25T06:06:15.303339Z[0m [32m INFO[0m [2mgridtokenx_oracle_bridge::handlers[0m[2m:[0m 🔌 EV charger reading from: LOAD-TEST-0188
[2m2026-03-25T06:06:15.303346Z[0m [32m INFO[0m [2mgridtokenx_oracle_bridge::handlers[0m[2m:[0m 🔋 Battery reading from: LOAD-TEST-0163
[2m2026-03-25T06:06:15.302985Z[0m [32m INFO[0m [2mgridtokenx_oracle_bridge::handlers[0m[2m:[0m 🔌 EV charger reading from: LOAD-TEST-0159
[2m2026-03-25T06:06:15.303413Z[0m [32m INFO[0m [2mgridtokenx_oracle_bridge::handlers[0m[2m:[0m 🔋 Battery reading from: LOAD-TEST-0190
[2m2026-03-25T06:06:15.303421Z[0m [32m INFO[0m [2mgridtokenx_oracle_bridge::handlers[0m[2m:[0m 📡 Smart meter reading from: LOAD-TEST-0170
[2m2026-03-25T06:06:15.303426Z[0m [32m INFO[0m [2mgridtokenx_oracle_bridge::handlers[0m[2m:[0m 📡 Smart meter reading from: LOAD-TEST-0187
[2m2026-03-25T06:06:15.303448Z[0m [32m INFO[0m [2mgridtokenx_oracle_bridge::handlers[0m[2m:[0m 🔌 EV charger reading from: LOAD-TEST-0180
[2m2026-03-25T06:06:15.303470Z[0m [32m INFO[0m [2mgridtokenx_oracle_bridge::handlers[0m[2m:[0m 🔌 EV charger reading from: LOAD-TEST-0179
[2m2026-03-25T06:06:15.303483Z[0m [32m INFO[0m [2mgridtokenx_oracle_bridge::handlers[0m[2m:[0m 🔌 EV charger reading from: LOAD-TEST-0184
[2m2026-03-25T06:06:15.303489Z[0m [32m INFO[0m [2mgridtokenx_oracle_bridge::handlers[0m[2m:[0m 📡 Smart meter reading from: LOAD-TEST-0174
[2m2026-03-25T06:06:15.303505Z[0m [32m INFO[0m [2mgridtokenx_oracle_bridge::handlers[0m[2m:[0m 📡 Smart meter reading from: LOAD-TEST-0175
[2m2026-03-25T06:06:15.303528Z[0m [32m INFO[0m [2mgridtokenx_oracle_bridge::handlers[0m[2m:[0m 📡 Smart meter reading from: LOAD-TEST-0177
[2m2026-03-25T06:06:15.303542Z[0m [32m INFO[0m [2mgridtokenx_oracle_bridge::handlers[0m[2m:[0m 🔋 Battery reading from: LOAD-TEST-0171
[2m2026-03-25T06:06:15.303555Z[0m [32m INFO[0m [2mgridtokenx_oracle_bridge::handlers[0m[2m:[0m 🔌 EV charger reading from: LOAD-TEST-0178
[2m2026-03-25T06:06:15.303569Z[0m [32m INFO[0m [2mgridtokenx_oracle_bridge::handlers[0m[2m:[0m 📡 Smart meter reading from: LOAD-TEST-0182
[2m2026-03-25T06:06:15.303576Z[0m [32m INFO[0m [2mgridtokenx_oracle_bridge::handlers[0m[2m:[0m 🔋 Battery reading from: LOAD-TEST-0176
[2m2026-03-25T06:06:15.303623Z[0m [32m INFO[0m [2mgridtokenx_oracle_bridge::handlers[0m[2m:[0m 🔌 EV charger reading from: LOAD-TEST-0173
[2m2026-03-25T06:06:15.303632Z[0m [32m INFO[0m [2mgridtokenx_oracle_bridge::handlers[0m[2m:[0m 🔌 EV charger reading from: LOAD-TEST-0200
[2m2026-03-25T06:06:15.303681Z[0m [32m INFO[0m [2mgridtokenx_oracle_bridge::handlers[0m[2m:[0m 📡 Smart meter reading from: LOAD-TEST-0194
[2m2026-03-25T06:06:15.303693Z[0m [32m INFO[0m [2mgridtokenx_oracle_bridge::handlers[0m[2m:[0m 🔋 Battery reading from: LOAD-TEST-0196
[2m2026-03-25T06:06:15.303733Z[0m [32m INFO[0m [2mgridtokenx_oracle_bridge::handlers[0m[2m:[0m 🔌 EV charger reading from: LOAD-TEST-0191
[2m2026-03-25T06:06:15.303745Z[0m [32m INFO[0m [2mgridtokenx_oracle_bridge::handlers[0m[2m:[0m 📡 Smart meter reading from: LOAD-TEST-0195
[2m2026-03-25T06:06:15.303785Z[0m [32m INFO[0m [2mgridtokenx_oracle_bridge::handlers[0m[2m:[0m 📡 Smart meter reading from: LOAD-TEST-0193
[2m2026-03-25T06:06:15.303795Z[0m [32m INFO[0m [2mgridtokenx_oracle_bridge::handlers[0m[2m:[0m 🔌 EV charger reading from: LOAD-TEST-0197
[2m2026-03-25T06:06:15.303833Z[0m [32m INFO[0m [2mgridtokenx_oracle_bridge::handlers[0m[2m:[0m 📡 Smart meter reading from: LOAD-TEST-0192
[2m2026-03-25T06:06:15.303882Z[0m [32m INFO[0m [2mgridtokenx_oracle_bridge::handlers[0m[2m:[0m 📡 Smart meter reading from: LOAD-TEST-0202
[2m2026-03-25T06:06:15.303907Z[0m [32m INFO[0m [2mgridtokenx_oracle_bridge::handlers[0m[2m:[0m 📡 Smart meter reading from: LOAD-TEST-0205
[2m2026-03-25T06:06:15.303935Z[0m [32m INFO[0m [2mgridtokenx_oracle_bridge::handlers[0m[2m:[0m 📡 Smart meter reading from: LOAD-TEST-0199
[2m2026-03-25T06:06:15.303959Z[0m [32m INFO[0m [2mgridtokenx_oracle_bridge::handlers[0m[2m:[0m 🔋 Battery reading from: LOAD-TEST-0204
[2m2026-03-25T06:06:15.303985Z[0m [32m INFO[0m [2mgridtokenx_oracle_bridge::handlers[0m[2m:[0m 📡 Smart meter reading from: LOAD-TEST-0201
[2m2026-03-25T06:06:15.304014Z[0m [32m INFO[0m [2mgridtokenx_oracle_bridge::handlers[0m[2m:[0m 📡 Smart meter reading from: LOAD-TEST-0206
[2m2026-03-25T06:06:15.304065Z[0m [32m INFO[0m [2mgridtokenx_oracle_bridge::handlers[0m[2m:[0m 📡 Smart meter reading from: LOAD-TEST-0207
[2m2026-03-25T06:06:15.304082Z[0m [32m INFO[0m [2mgridtokenx_oracle_bridge::handlers[0m[2m:[0m 🔋 Battery reading from: LOAD-TEST-0203
[2m2026-03-25T06:06:15.303543Z[0m [32m INFO[0m [2mgridtokenx_oracle_bridge::handlers[0m[2m:[0m 📡 Smart meter reading from: LOAD-TEST-0181
[2m2026-03-25T06:06:15.303632Z[0m [32m INFO[0m [2mgridtokenx_oracle_bridge::handlers[0m[2m:[0m 🔌 EV charger reading from: LOAD-TEST-0208
[2m2026-03-25T06:06:15.305408Z[0m [32m INFO[0m [2mgridtokenx_oracle_bridge::ingester[0m[2m:[0m 🌐 Received SmartMeter reading: LOAD-TEST-0037 (LOAD-TEST-0037)
[2m2026-03-25T06:06:15.306212Z[0m [32m INFO[0m [2mgridtokenx_oracle_bridge::router[0m[2m:[0m 📤 Disseminated EvCharger LOAD-TEST-0180 → gridtokenx:ev:v1 (ID: 1774418775304-8)
[2m2026-03-25T06:06:15.306216Z[0m [32m INFO[0m [2mgridtokenx_oracle_bridge::router[0m[2m:[0m 📤 Disseminated EvCharger LOAD-TEST-0186 → gridtokenx:ev:v1 (ID: 1774418775304-3)
[2m2026-03-25T06:06:15.306258Z[0m [32m INFO[0m [2mgridtokenx_oracle_bridge::router[0m[2m:[0m 📤 Disseminated EvCharger LOAD-TEST-0185 → gridtokenx:ev:v1 (ID: 1774418775304-4)
[2m2026-03-25T06:06:15.306290Z[0m [32m INFO[0m [2mgridtokenx_oracle_bridge::router[0m[2m:[0m 📤 Disseminated EvCharger LOAD-TEST-0159 → gridtokenx:ev:v1 (ID: 1774418775304-7)
[2m2026-03-25T06:06:15.306259Z[0m [32m INFO[0m [2mgridtokenx_oracle_bridge::router[0m[2m:[0m 📤 Disseminated Battery LOAD-TEST-0161 → gridtokenx:battery:v1 (ID: 1774418775304-0)
[2m2026-03-25T06:06:15.306327Z[0m [32m INFO[0m [2mgridtokenx_oracle_bridge::router[0m[2m:[0m 📤 Disseminated EvCharger LOAD-TEST-0164 → gridtokenx:ev:v1 (ID: 1774418775304-5)
[2m2026-03-25T06:06:15.306368Z[0m [32m INFO[0m [2mgridtokenx_oracle_bridge::router[0m[2m:[0m 📤 Disseminated EvCharger LOAD-TEST-0188 → gridtokenx:ev:v1 (ID: 1774418775304-6)
[2m2026-03-25T06:06:15.306397Z[0m [32m INFO[0m [2mgridtokenx_oracle_bridge::router[0m[2m:[0m 📤 Disseminated Battery LOAD-TEST-0163 → gridtokenx:battery:v1 (ID: 1774418775304-2)
[2m2026-03-25T06:06:15.306452Z[0m [32m INFO[0m [2mgridtokenx_oracle_bridge::router[0m[2m:[0m 📤 Disseminated SmartMeter LOAD-TEST-0166 → gridtokenx:events:v1 (ID: 1774418775304-0)
[2m2026-03-25T06:06:15.306480Z[0m [32m INFO[0m [2mgridtokenx_oracle_bridge::router[0m[2m:[0m 📤 Disseminated EvCharger LOAD-TEST-0167 → gridtokenx:ev:v1 (ID: 1774418775304-1)
[2m2026-03-25T06:06:15.306508Z[0m [32m INFO[0m [2mgridtokenx_oracle_bridge::router[0m[2m:[0m 📤 Disseminated Battery LOAD-TEST-0160 → gridtokenx:battery:v1 (ID: 1774418775304-1)
[2m2026-03-25T06:06:15.306537Z[0m [32m INFO[0m [2mgridtokenx_oracle_bridge::router[0m[2m:[0m 📤 Disseminated SmartMeter LOAD-TEST-0170 → gridtokenx:events:v1 (ID: 1774418775304-2)
[2m2026-03-25T06:06:15.306565Z[0m [32m INFO[0m [2mgridtokenx_oracle_bridge::router[0m[2m:[0m 📤 Disseminated SmartMeter LOAD-TEST-0187 → gridtokenx:events:v1 (ID: 1774418775304-3)
[2m2026-03-25T06:06:15.306592Z[0m [32m INFO[0m [2mgridtokenx_oracle_bridge::router[0m[2m:[0m 📤 Disseminated SmartMeter LOAD-TEST-0183 → gridtokenx:events:v1 (ID: 1774418775304-1)
[2m2026-03-25T06:06:15.306619Z[0m [32m INFO[0m [2mgridtokenx_oracle_bridge::router[0m[2m:[0m 📤 Disseminated EvCharger LOAD-TEST-0165 → gridtokenx:ev:v1 (ID: 1774418775304-2)
[2m2026-03-25T06:06:15.306291Z[0m [32m INFO[0m [2mgridtokenx_oracle_bridge::router[0m[2m:[0m 📤 Disseminated Battery LOAD-TEST-0190 → gridtokenx:battery:v1 (ID: 1774418775304-3)
[2m2026-03-25T06:06:15.306327Z[0m [32m INFO[0m [2mgridtokenx_oracle_bridge::router[0m[2m:[0m 📤 Disseminated EvCharger LOAD-TEST-0168 → gridtokenx:ev:v1 (ID: 1774418775304-0)
[2m2026-03-25T06:06:15.308716Z[0m [32m INFO[0m [2mgridtokenx_oracle_bridge::router[0m[2m:[0m 📤 Disseminated EvCharger LOAD-TEST-0208 → gridtokenx:ev:v1 (ID: 1774418775305-7)
[2m2026-03-25T06:06:15.308836Z[0m [32m INFO[0m [2mgridtokenx_oracle_bridge::router[0m[2m:[0m 📤 Disseminated EvCharger LOAD-TEST-0179 → gridtokenx:ev:v1 (ID: 1774418775305-0)
[2m2026-03-25T06:06:15.308867Z[0m [32m INFO[0m [2mgridtokenx_oracle_bridge::router[0m[2m:[0m 📤 Disseminated EvCharger LOAD-TEST-0184 → gridtokenx:ev:v1 (ID: 1774418775305-1)
[2m2026-03-25T06:06:15.308896Z[0m [32m INFO[0m [2mgridtokenx_oracle_bridge::router[0m[2m:[0m 📤 Disseminated SmartMeter LOAD-TEST-0174 → gridtokenx:events:v1 (ID: 1774418775305-0)
[2m2026-03-25T06:06:15.308927Z[0m [32m INFO[0m [2mgridtokenx_oracle_bridge::router[0m[2m:[0m 📤 Disseminated SmartMeter LOAD-TEST-0175 → gridtokenx:events:v1 (ID: 1774418775305-1)
[2m2026-03-25T06:06:15.308955Z[0m [32m INFO[0m [2mgridtokenx_oracle_bridge::router[0m[2m:[0m 📤 Disseminated SmartMeter LOAD-TEST-0177 → gridtokenx:events:v1 (ID: 1774418775305-2)
[2m2026-03-25T06:06:15.308982Z[0m [32m INFO[0m [2mgridtokenx_oracle_bridge::router[0m[2m:[0m 📤 Disseminated Battery LOAD-TEST-0171 → gridtokenx:battery:v1 (ID: 1774418775305-0)
[2m2026-03-25T06:06:15.309010Z[0m [32m INFO[0m [2mgridtokenx_oracle_bridge::router[0m[2m:[0m 📤 Disseminated EvCharger LOAD-TEST-0178 → gridtokenx:ev:v1 (ID: 1774418775305-2)
[2m2026-03-25T06:06:15.309037Z[0m [32m INFO[0m [2mgridtokenx_oracle_bridge::router[0m[2m:[0m 📤 Disseminated SmartMeter LOAD-TEST-0182 → gridtokenx:events:v1 (ID: 1774418775305-3)
[2m2026-03-25T06:06:15.309064Z[0m [32m INFO[0m [2mgridtokenx_oracle_bridge::router[0m[2m:[0m 📤 Disseminated Battery LOAD-TEST-0176 → gridtokenx:battery:v1 (ID: 1774418775305-1)
[2m2026-03-25T06:06:15.309092Z[0m [32m INFO[0m [2mgridtokenx_oracle_bridge::router[0m[2m:[0m 📤 Disseminated EvCharger LOAD-TEST-0173 → gridtokenx:ev:v1 (ID: 1774418775305-3)
[2m2026-03-25T06:06:15.309121Z[0m [32m INFO[0m [2mgridtokenx_oracle_bridge::router[0m[2m:[0m 📤 Disseminated EvCharger LOAD-TEST-0200 → gridtokenx:ev:v1 (ID: 1774418775305-4)
[2m2026-03-25T06:06:15.309155Z[0m [32m INFO[0m [2mgridtokenx_oracle_bridge::router[0m[2m:[0m 📤 Disseminated SmartMeter LOAD-TEST-0194 → gridtokenx:events:v1 (ID: 1774418775305-4)
[2m2026-03-25T06:06:15.309184Z[0m [32m INFO[0m [2mgridtokenx_oracle_bridge::router[0m[2m:[0m 📤 Disseminated Battery LOAD-TEST-0196 → gridtokenx:battery:v1 (ID: 1774418775305-2)
[2m2026-03-25T06:06:15.309211Z[0m [32m INFO[0m [2mgridtokenx_oracle_bridge::router[0m[2m:[0m 📤 Disseminated EvCharger LOAD-TEST-0191 → gridtokenx:ev:v1 (ID: 1774418775305-5)
[2m2026-03-25T06:06:15.309237Z[0m [32m INFO[0m [2mgridtokenx_oracle_bridge::router[0m[2m:[0m 📤 Disseminated SmartMeter LOAD-TEST-0195 → gridtokenx:events:v1 (ID: 1774418775305-5)
[2m2026-03-25T06:06:15.309263Z[0m [32m INFO[0m [2mgridtokenx_oracle_bridge::router[0m[2m:[0m 📤 Disseminated SmartMeter LOAD-TEST-0193 → gridtokenx:events:v1 (ID: 1774418775305-6)
[2m2026-03-25T06:06:15.309288Z[0m [32m INFO[0m [2mgridtokenx_oracle_bridge::router[0m[2m:[0m 📤 Disseminated EvCharger LOAD-TEST-0197 → gridtokenx:ev:v1 (ID: 1774418775305-6)
[2m2026-03-25T06:06:15.309316Z[0m [32m INFO[0m [2mgridtokenx_oracle_bridge::router[0m[2m:[0m 📤 Disseminated SmartMeter LOAD-TEST-0192 → gridtokenx:events:v1 (ID: 1774418775305-7)
[2m2026-03-25T06:06:15.309341Z[0m [32m INFO[0m [2mgridtokenx_oracle_bridge::router[0m[2m:[0m 📤 Disseminated SmartMeter LOAD-TEST-0202 → gridtokenx:events:v1 (ID: 1774418775305-8)
[2m2026-03-25T06:06:15.309371Z[0m [32m INFO[0m [2mgridtokenx_oracle_bridge::router[0m[2m:[0m 📤 Disseminated SmartMeter LOAD-TEST-0205 → gridtokenx:events:v1 (ID: 1774418775305-9)
[2m2026-03-25T06:06:15.309399Z[0m [32m INFO[0m [2mgridtokenx_oracle_bridge::router[0m[2m:[0m 📤 Disseminated SmartMeter LOAD-TEST-0199 → gridtokenx:events:v1 (ID: 1774418775305-10)
[2m2026-03-25T06:06:15.309427Z[0m [32m INFO[0m [2mgridtokenx_oracle_bridge::router[0m[2m:[0m 📤 Disseminated Battery LOAD-TEST-0204 → gridtokenx:battery:v1 (ID: 1774418775305-3)
[2m2026-03-25T06:06:15.309454Z[0m [32m INFO[0m [2mgridtokenx_oracle_bridge::router[0m[2m:[0m 📤 Disseminated SmartMeter LOAD-TEST-0201 → gridtokenx:events:v1 (ID: 1774418775305-11)
[2m2026-03-25T06:06:15.309481Z[0m [32m INFO[0m [2mgridtokenx_oracle_bridge::router[0m[2m:[0m 📤 Disseminated SmartMeter LOAD-TEST-0206 → gridtokenx:events:v1 (ID: 1774418775305-12)
[2m2026-03-25T06:06:15.309507Z[0m [32m INFO[0m [2mgridtokenx_oracle_bridge::router[0m[2m:[0m 📤 Disseminated Battery LOAD-TEST-0203 → gridtokenx:battery:v1 (ID: 1774418775305-4)
[2m2026-03-25T06:06:15.309533Z[0m [32m INFO[0m [2mgridtokenx_oracle_bridge::router[0m[2m:[0m 📤 Disseminated SmartMeter LOAD-TEST-0207 → gridtokenx:events:v1 (ID: 1774418775305-13)
[2m2026-03-25T06:06:15.309559Z[0m [32m INFO[0m [2mgridtokenx_oracle_bridge::router[0m[2m:[0m 📤 Disseminated SmartMeter LOAD-TEST-0181 → gridtokenx:events:v1 (ID: 1774418775305-14)
