warning: unused imports: `DateTime` and `Utc`
 --> gridtokenx-oracle-bridge/src/aggregator/mod.rs:2:14
  |
2 | use chrono::{DateTime, Utc};
  |              ^^^^^^^^  ^^^
  |
  = note: `#[warn(unused_imports)]` (part of `#[warn(unused)]`) on by default

warning: use of deprecated module `solana_sdk::system_program`: Use `solana_system_interface::program` instead
 --> gridtokenx-oracle-bridge/src/blockchain/mod.rs:7:17
  |
7 | use solana_sdk::system_program;
  |                 ^^^^^^^^^^^^^^
  |
  = note: `#[warn(deprecated)]` on by default

warning: method `get_zone_summary` is never used
  --> gridtokenx-oracle-bridge/src/aggregator/mod.rs:40:12
   |
15 | impl Aggregator {
   | --------------- method in this implementation
...
40 |     pub fn get_zone_summary(&self, zone_id: i32) -> Option<(D...
   |            ^^^^^^^^^^^^^^^^
   |
   = note: `#[warn(dead_code)]` (part of `#[warn(unused)]`) on by default

warning: methods `protocol_name` and `device_types` are never used
  --> gridtokenx-oracle-bridge/src/protocol/mod.rs:21:8
   |
19 | pub trait DeviceProtocol: Send + Sync {
   |           -------------- methods in this trait
20 |     /// Human-readable protocol name (e.g.,...
21 |     fn protocol_name(&self) -> &str;
   |        ^^^^^^^^^^^^^
...
24 |     fn device_types(&self) -> Vec<DeviceType>;
   |        ^^^^^^^^^^^^

warning: `gridtokenx-oracle-bridge` (bin "gridtokenx-oracle-bridge") generated 4 warnings (run `cargo fix --bin "gridtokenx-oracle-bridge" -p gridtokenx-oracle-bridge` to apply 1 suggestion)
    Finished `dev` profile [unoptimized + debuginfo] target(s) in 0.98s
     Running `/Users/chanthawat/Developments/gridtokenx-platform-infa/target/debug/gridtokenx-oracle-bridge`
[2m2026-03-25T05:47:23.168232Z[0m [32m INFO[0m [2mgridtokenx_oracle_bridge[0m[2m:[0m 🚀 Starting GridTokenX Oracle Bridge + IoT Gateway
[2m2026-03-25T05:47:23.168342Z[0m [32m INFO[0m [2mgridtokenx_oracle_bridge[0m[2m:[0m 🔗 Redis: redis://127.0.0.1:6379
[2m2026-03-25T05:47:23.168348Z[0m [32m INFO[0m [2mgridtokenx_oracle_bridge[0m[2m:[0m 🔗 Solana RPC: http://127.0.0.1:8899
[2m2026-03-25T05:47:23.168365Z[0m [32m INFO[0m [2mgridtokenx_oracle_bridge[0m[2m:[0m 🌐 IoT Gateway port: 4010
[2m2026-03-25T05:47:23.169508Z[0m [32m INFO[0m [2mgridtokenx_oracle_bridge::blockchain[0m[2m:[0m 🔑 Authority Loaded: 7rdNNcszvgNcYqQezZicnFHZ9kxyPcSpFCnRNB52meHK
[2m2026-03-25T05:47:23.169516Z[0m [32m INFO[0m [2mgridtokenx_oracle_bridge::blockchain[0m[2m:[0m 🔗 Oracle Program: YEyAcHFbsV6e4E3G3H1ZBoQJ7YiMVaZf3vrdcVxjkAT
[2m2026-03-25T05:47:23.174360Z[0m [32m INFO[0m [2mgridtokenx_oracle_bridge::router[0m[2m:[0m 📏 Redis stream MAXLEN cap: ~100000
[2m2026-03-25T05:47:23.174652Z[0m [32m INFO[0m [2mgridtokenx_oracle_bridge[0m[2m:[0m ✅ Oracle Bridge + IoT Gateway initialized
[2m2026-03-25T05:47:23.174662Z[0m [32m INFO[0m [2mgridtokenx_oracle_bridge[0m[2m:[0m    📡 IoT Gateway accepting connections on 0.0.0.0:4010
[2m2026-03-25T05:47:23.174667Z[0m [32m INFO[0m [2mgridtokenx_oracle_bridge[0m[2m:[0m    👂 Oracle Bridge listening on Redis stream
[2m2026-03-25T05:47:23.175991Z[0m [32m INFO[0m [2mgridtokenx_oracle_bridge::ingester[0m[2m:[0m 👂 Listening to streams: ["gridtokenx:events:v1", "gridtokenx:ev:v1", "gridtokenx:battery:v1"] (group: oracle_bridge_group)
[2m2026-03-25T05:47:37.422321Z[0m [32m INFO[0m [2mgridtokenx_oracle_bridge::handlers[0m[2m:[0m 📡 Smart meter reading from: MTR-TEST-001
[2m2026-03-25T05:47:37.424524Z[0m [32m INFO[0m [2mgridtokenx_oracle_bridge::router[0m[2m:[0m 📤 Disseminated SmartMeter MTR-TEST-001 → gridtokenx:events:v1 (ID: 1774417657422-0)
[2m2026-03-25T05:47:37.424600Z[0m [33m WARN[0m [2mgridtokenx_oracle_bridge::ingester[0m[2m:[0m ⚠️ Failed to deserialize event from gridtokenx:events:v1: missing field `meter_id` at line 1 column 336
[2m2026-03-25T05:47:37.431754Z[0m [32m INFO[0m [2mgridtokenx_oracle_bridge::handlers[0m[2m:[0m 🔌 EV charger reading from: EV-TEST-101
[2m2026-03-25T05:47:37.432748Z[0m [32m INFO[0m [2mgridtokenx_oracle_bridge::router[0m[2m:[0m 📤 Disseminated EvCharger EV-TEST-101 → gridtokenx:ev:v1 (ID: 1774417657431-0)
[2m2026-03-25T05:47:37.432893Z[0m [32m INFO[0m [2mgridtokenx_oracle_bridge::ingester[0m[2m:[0m 🌐 Received EvCharger reading: EV-TEST-101 (EV-TEST-101)
[2m2026-03-25T05:47:52.506488Z[0m [32m INFO[0m [2mgridtokenx_oracle_bridge::ingester[0m[2m:[0m ⛓️ On-Chain Update Success: [EvCharger] EV-TEST-101 - TX: 2cpXr6nCvi4CSJGKX3hniikYGRKG6rZvBr8LxYN9Pun3sRxWT5FsQQTWUC48HhcSFw5tDAXf6vvUMUvuAnL2dbXg
[2m2026-03-25T05:47:52.506909Z[0m [32m INFO[0m [2mgridtokenx_oracle_bridge::handlers[0m[2m:[0m 🔋 Battery reading from: BAT-TEST-501
[2m2026-03-25T05:47:52.508305Z[0m [32m INFO[0m [2mgridtokenx_oracle_bridge::router[0m[2m:[0m 📤 Disseminated Battery BAT-TEST-501 → gridtokenx:battery:v1 (ID: 1774417672506-0)
[2m2026-03-25T05:47:52.508837Z[0m [32m INFO[0m [2mgridtokenx_oracle_bridge::ingester[0m[2m:[0m 🌐 Received Battery reading: BAT-TEST-501 (BAT-TEST-501)
[2m2026-03-25T05:48:07.575318Z[0m [32m INFO[0m [2mgridtokenx_oracle_bridge::ingester[0m[2m:[0m ⛓️ On-Chain Update Success: [Battery] BAT-TEST-501 - TX: 35SxPrHpMSrMPtMAXnA94qe4fde4SFBYEvguc1FPoS3w25DtvUSyMdzYutjF7LfosUsKE9xKrch646kYLfsAUkzF
